s = "Hello Manav"
=> "Hello Manav"
irb(main):124:0> s2 = "Hello PC"
=> "Hello PC"
irb(main):125:0> s.*5
=> "Hello ManavHello ManavHello ManavHello ManavHello Manav"
irb(main):126:0> s*5
=> "Hello ManavHello ManavHello ManavHello ManavHello Manav"
irb(main):127:0> s.include?"M"
=> true
irb(main):128:0> s.include?"M/i"
=> false

#count-todo


#unpack


#uncode to-do


#next

s.next
=> "Hello Manaw"
irb(main):164:0> s.next
=> "Hello Manaw"
irb(main):165:0> s.next!
=> "Hello Manaw"
irb(main):166:0> s.next!
=> "Hello Manax"
irb(main):167:0> s.next!
=> "Hello Manay"
irb(main):168:0> s[0].next!
=> "I"
irb(main):169:0> s[0]
=> "H"
irb(main):170:0> s
=> "Hello Manay"


s.casecmp s2
=> -1
irb(main):174:0> s
=> "Hello Manay"
irb(main):175:0> s2
=> "Hello PC"
irb(main):176:0> s2.casecmp s
=> 1

s.insert 3,"b"
=> "Helblo Manay"


s2.bytesize 
=> 8

 s3 = s
=> "Helblo Manay"
irb(main):184:0> s.match s3
=> #<MatchData "Helblo Manay">

s.succ!
=> "Helblo Manaz"
irb(main):187:0> s.succ
=> "Helblo Manba"

s.upto ("d4e6") {|s| print s}
a8d4a8d5a8d6a8d7a8d8a8d9a8e0a8e1a8e2a8e3a8e4a8e5a8e6a8e7a8e8a8e9a8f0a8f1a8f2a8f3a8f4a8f5a8f6a8f7a8f8a8f9a8g0a8g1a8g2a8g3a8g4a8g5a8g6a8g7a8g8a8g9a8h0a8h1a8h2a8h3a8h4a8h5a8h6a8h7a8h8a8h9a8i0a8i1a8i2a8i3a8i4a8i5a8i6a8i7a8i8a8i9a8j0a8j1a8j2a8j3a8j4a8j5a8j6a8j7a8j8a8j9a8k0a8k1a8k2a8k3a8k4a8k5a8k6a8k7a8k8a8k9a8l0a8l1a8l2a8l3a8l4a8l5a8l6a8l7a8l8a8l9a8m0a8m1a8m2a8m3a8m4a8m5a8m6a8m7a8m8a8m9a8n0a8n1a8n2a8n3a8n4a8n5a8n6a8n7a8n8a8n9a8o0a8o1a8o2a8o3a8o4a8o5a8o6a8o7a8o8a8o9a8p0a8p1a8p2a8p3a8p4a8p5a8p6a8p7a8p8a8p9a8q0a8q1a8q2a8q3a8q4a8q5a8q6a8q7a8q8a8q9a8r0a8r1a8r2a8r3a8r4a8r5a8r6a8r7a8r8a8r9a8s0a8s1a8s2a8s3a8s4a8s5a8s6a8s7a8s8a8s9a8t0a8t1a8t2a8t3a8t4a8t5a8t6a8t7a8t8a8t9a8u0a8u1a8u2a8u3a8u4a8u5a8u6a8u7a8u8a8u9a8v0a8v1a8v2a8v3a8v4a8v5a8v6a8v7a8v8a8v9a8w0a8w1a8w2a8w3a8w4a8w5a8w6a8w7a8w8a8w9a8x0a8x1a8x2a8x3a8x4a8x5a8x6a8x7a8x8a8x9a8y0a8y1a8y2a8y3a8y4a8y5a8y6a8y7a8y8a8y9a8z0a8z1a8z2a8z3a8z4a8z5a8z6a8z7a8z8a8z9a9a0a9a1a9a2a9a3a9a4a9a5a9a6a9a7a9a8a9a9a9b0a9b1a9b2a9b3a9b4a9b5a9b6a9b7a9b8a9b9a9c0a9c1a9c2a9c3a9c4a9c5a9c6a9c7a9c8a9c9a9d0a9d1a9d2a9d3a9d4a9d5a9d6a9d7a9d8a9d9a9e0a9e1a9e2a9e3a9e4a9e5a9e6a9e7a9e8a9e9a9f0a9f1a9f2a9f3a9f4a9f5a9f6a9f7a9f8a9f9a9g0a9g1a9g2a9g3a9g4a9g5a9g6a9g7a9g8a9g9a9h0a9h1a9h2a9h3a9h4a9h5a9h6a9h7a9h8a9h9a9i0a9i1a9i2a9i3a9i4a9i5a9i6a9i7a9i8a9i9a9j0a9j1a9j2a9j3a9j4a9j5a9j6a9j7a9j8a9j9a9k0a9k1a9k2a9k3a9k4a9k5a9k6a9k7a9k8a9k9a9l0a9l1a9l2a9l3a9l4a9l5a9l6a9l7a9l8a9l9a9m0a9m1a9m2a9m3a9m4a9m5a9m6a9m7a9m8a9m9a9n0a9n1a9n2a9n3a9n4a9n5a9n6a9n7a9n8a9n9a9o0a9o1a9o2a9o3a9o4a9o5a9o6a9o7a9o8a9o9a9p0a9p1a9p2a9p3a9p4a9p5a9p6a9p7a9p8a9p9a9q0a9q1a9q2a9q3a9q4a9q5a9q6a9q7a9q8a9q9a9r0a9r1a9r2a9r3a9r4a9r5a9r6a9r7a9r8a9r9a9s0a9s1a9s2a9s3a9s4a9s5a9s6a9s7a9s8a9s9a9t0a9t1a9t2a9t3a9t4a9t5a9t6a9t7a9t8a9t9a9u0a9u1a9u2a9u3a9u4a9u5a9u6a9u7a9u8a9u9a9v0a9v1a9v2a9v3a9v4a9v5a9v6a9v7a9v8a9v9a9w0a9w1a9w2a9w3a9w4a9w5a9w6a9w7a9w8a9w9a9x0a9x1a9x2a9x3a9x4a9x5a9x6a9x7a9x8a9x9a9y0a9y1a9y2a9y3a9y4a9y5a9y6a9y7a9y8a9y9a9z0a9z1a9z2a9z3a9z4a9z5a9z6a9z7a9z8a9z9b0a0b0a1b0a2b0a3b0a4b0a5b0a6b0a7b0a8b0a9b0b0b0b1b0b2b0b3b0b4b0b5b0b6b0b7b0b8b0b9b0c0b0c1b0c2b0c3b0c4b0c5b0c6b0c7b0c8b0c9b0d0b0d1b0d2b0d3b0d4b0d5b0d6b0d7b0d8b0d9b0e0b0e1b0e2b0e3b0e4b0e5b0e6b0e7b0e8b0e9b0f0b0f1b0f2b0f3b0f4b0f5b0f6b0f7b0f8b0f9b0g0b0g1b0g2b0g3b0g4b0g5b0g6b0g7b0g8b0g9b0h0b0h1b0h2b0h3b0h4b0h5b0h6b0h7b0h8b0h9b0i0b0i1b0i2b0i3b0i4b0i5b0i6b0i7b0i8b0i9b0j0b0j1b0j2b0j3b0j4b0j5b0j6b0j7b0j8b0j9b0k0b0k1b0k2b0k3b0k4b0k5b0k6b0k7b0k8b0k9b0l0b0l1b0l2b0l3b0l4b0l5b0l6b0l7b0l8b0l9b0m0b0m1b0m2b0m3b0m4b0m5b0m6b0m7b0m8b0m9b0n0b0n1b0n2b0n3b0n4b0n5b0n6b0n7b0n8b0n9b0o0b0o1b0o2b0o3b0o4b0o5b0o6b0o7b0o8b0o9b0p0b0p1b0p2b0p3b0p4b0p5b0p6b0p7b0p8b0p9b0q0b0q1b0q2b0q3b0q4b0q5b0q6b0q7b0q8b0q9b0r0b0r1b0r2b0r3b0r4b0r5b0r6b0r7b0r8b0r9b0s0b0s1b0s2b0s3b0s4b0s5b0s6b0s7b0s8b0s9b0t0b0t1b0t2b0t3b0t4b0t5b0t6b0t7b0t8b0t9b0u0b0u1b0u2b0u3b0u4b0u5b0u6b0u7b0u8b0u9b0v0b0v1b0v2b0v3b0v4b0v5b0v6b0v7b0v8b0v9b0w0b0w1b0w2b0w3b0w4b0w5b0w6b0w7b0w8b0w9b0x0b0x1b0x2b0x3b0x4b0x5b0x6b0x7b0x8b0x9b0y0b0y1b0y2b0y3b0y4b0y5b0y6b0y7b0y8b0y9b0z0b0z1b0z2b0z3b0z4b0z5b0z6b0z7b0z8b0z9b1a0b1a1b1a2b1a3b1a4b1a5b1a6b1a7b1a8b1a9b1b0b1b1b1b2b1b3b1b4b1b5b1b6b1b7b1b8b1b9b1c0b1c1b1c2b1c3b1c4b1c5b1c6b1c7b1c8b1c9b1d0b1d1b1d2b1d3b1d4b1d5b1d6b1d7b1d8b1d9b1e0b1e1b1e2b1e3b1e4b1e5b1e6b1e7b1e8b1e9b1f0b1f1b1f2b1f3b1f4b1f5b1f6b1f7b1f8b1f9b1g0b1g1b1g2b1g3b1g4b1g5b1g6b1g7b1g8b1g9b1h0b1h1b1h2b1h3b1h4b1h5b1h6b1h7b1h8b1h9b1i0b1i1b1i2b1i3b1i4b1i5b1i6b1i7b1i8b1i9b1j0b1j1b1j2b1j3b1j4b1j5b1j6b1j7b1j8b1j9b1k0b1k1b1k2b1k3b1k4b1k5b1k6b1k7b1k8b1k9b1l0b1l1b1l2b1l3b1l4b1l5b1l6b1l7b1l8b1l9b1m0b1m1b1m2b1m3b1m4b1m5b1m6b1m7b1m8b1m9b1n0b1n1b1n2b1n3b1n4b1n5b1n6b1n7b1n8b1n9b1o0b1o1b1o2b1o3b1o4b1o5b1o6b1o7b1o8b1o9b1p0b1p1b1p2b1p3b1p4b1p5b1p6b1p7b1p8b1p9b1q0b1q1b1q2b1q3b1q4b1q5b1q6b1q7b1q8b1q9b1r0b1r1b1r2b1r3b1r4b1r5b1r6b1r7b1r8b1r9b1s0b1s1b1s2b1s3b1s4b1s5b1s6b1s7b1s8b1s9b1t0b1t1b1t2b1t3b1t4b1t5b1t6b1t7b1t8b1t9b1u0b1u1b1u2b1u3b1u4b1u5b1u6b1u7b1u8b1u9b1v0b1v1b1v2b1v3b1v4b1v5b1v6b1v7b1v8b1v9b1w0b1w1b1w2b1w3b1w4b1w5b1w6b1w7b1w8b1w9b1x0b1x1b1x2b1x3b1x4b1x5b1x6b1x7b1x8b1x9b1y0b1y1b1y2b1y3b1y4b1y5b1y6b1y7b1y8b1y9b1z0b1z1b1z2b1z3b1z4b1z5b1z6b1z7b1z8b1z9b2a0b2a1b2a2b2a3b2a4b2a5b2a6b2a7b2a8b2a9b2b0b2b1b2b2b2b3b2b4b2b5b2b6b2b7b2b8b2b9b2c0b2c1b2c2b2c3b2c4b2c5b2c6b2c7b2c8b2c9b2d0b2d1b2d2b2d3b2d4b2d5b2d6b2d7b2d8b2d9b2e0b2e1b2e2b2e3b2e4b2e5b2e6b2e7b2e8b2e9b2f0b2f1b2f2b2f3b2f4b2f5b2f6b2f7b2f8b2f9b2g0b2g1b2g2b2g3b2g4b2g5b2g6b2g7b2g8b2g9b2h0b2h1b2h2b2h3b2h4b2h5b2h6b2h7b2h8b2h9b2i0b2i1b2i2b2i3b2i4b2i5b2i6b2i7b2i8b2i9b2j0b2j1b2j2b2j3b2j4b2j5b2j6b2j7b2j8b2j9b2k0b2k1b2k2b2k3b2k4b2k5b2k6b2k7b2k8b2k9b2l0b2l1b2l2b2l3b2l4b2l5b2l6b2l7b2l8b2l9b2m0b2m1b2m2b2m3b2m4b2m5b2m6b2m7b2m8b2m9b2n0b2n1b2n2b2n3b2n4b2n5b2n6b2n7b2n8b2n9b2o0b2o1b2o2b2o3b2o4b2o5b2o6b2o7b2o8b2o9b2p0b2p1b2p2b2p3b2p4b2p5b2p6b2p7b2p8b2p9b2q0b2q1b2q2b2q3b2q4b2q5b2q6b2q7b2q8b2q9b2r0b2r1b2r2b2r3b2r4b2r5b2r6b2r7b2r8b2r9b2s0b2s1b2s2b2s3b2s4b2s5b2s6b2s7b2s8b2s9b2t0b2t1b2t2b2t3b2t4b2t5b2t6b2t7b2t8b2t9b2u0b2u1b2u2b2u3b2u4b2u5b2u6b2u7b2u8b2u9b2v0b2v1b2v2b2v3b2v4b2v5b2v6b2v7b2v8b2v9b2w0b2w1b2w2b2w3b2w4b2w5b2w6b2w7b2w8b2w9b2x0b2x1b2x2b2x3b2x4b2x5b2x6b2x7b2x8b2x9b2y0b2y1b2y2b2y3b2y4b2y5b2y6b2y7b2y8b2y9b2z0b2z1b2z2b2z3b2z4b2z5b2z6b2z7b2z8b2z9b3a0b3a1b3a2b3a3b3a4b3a5b3a6b3a7b3a8b3a9b3b0b3b1b3b2b3b3b3b4b3b5b3b6b3b7b3b8b3b9b3c0b3c1b3c2b3c3b3c4b3c5b3c6b3c7b3c8b3c9b3d0b3d1b3d2b3d3b3d4b3d5b3d6b3d7b3d8b3d9b3e0b3e1b3e2b3e3b3e4b3e5b3e6b3e7b3e8b3e9b3f0b3f1b3f2b3f3b3f4b3f5b3f6b3f7b3f8b3f9b3g0b3g1b3g2b3g3b3g4b3g5b3g6b3g7b3g8b3g9b3h0b3h1b3h2b3h3b3h4b3h5b3h6b3h7b3h8b3h9b3i0b3i1b3i2b3i3b3i4b3i5b3i6b3i7b3i8b3i9b3j0b3j1b3j2b3j3b3j4b3j5b3j6b3j7b3j8b3j9b3k0b3k1b3k2b3k3b3k4b3k5b3k6b3k7b3k8b3k9b3l0b3l1b3l2b3l3b3l4b3l5b3l6b3l7b3l8b3l9b3m0b3m1b3m2b3m3b3m4b3m5b3m6b3m7b3m8b3m9b3n0b3n1b3n2b3n3b3n4b3n5b3n6b3n7b3n8b3n9b3o0b3o1b3o2b3o3b3o4b3o5b3o6b3o7b3o8b3o9b3p0b3p1b3p2b3p3b3p4b3p5b3p6b3p7b3p8b3p9b3q0b3q1b3q2b3q3b3q4b3q5b3q6b3q7b3q8b3q9b3r0b3r1b3r2b3r3b3r4b3r5b3r6b3r7b3r8b3r9b3s0b3s1b3s2b3s3b3s4b3s5b3s6b3s7b3s8b3s9b3t0b3t1b3t2b3t3b3t4b3t5b3t6b3t7b3t8b3t9b3u0b3u1b3u2b3u3b3u4b3u5b3u6b3u7b3u8b3u9b3v0b3v1b3v2b3v3b3v4b3v5b3v6b3v7b3v8b3v9b3w0b3w1b3w2b3w3b3w4b3w5b3w6b3w7b3w8b3w9b3x0b3x1b3x2b3x3b3x4b3x5b3x6b3x7b3x8b3x9b3y0b3y1b3y2b3y3b3y4b3y5b3y6b3y7b3y8b3y9b3z0b3z1b3z2b3z3b3z4b3z5b3z6b3z7b3z8b3z9b4a0b4a1b4a2b4a3b4a4b4a5b4a6b4a7b4a8b4a9b4b0b4b1b4b2b4b3b4b4b4b5b4b6b4b7b4b8b4b9b4c0b4c1b4c2b4c3b4c4b4c5b4c6b4c7b4c8b4c9b4d0b4d1b4d2b4d3b4d4b4d5b4d6b4d7b4d8b4d9b4e0b4e1b4e2b4e3b4e4b4e5b4e6b4e7b4e8b4e9b4f0b4f1b4f2b4f3b4f4b4f5b4f6b4f7b4f8b4f9b4g0b4g1b4g2b4g3b4g4b4g5b4g6b4g7b4g8b4g9b4h0b4h1b4h2b4h3b4h4b4h5b4h6b4h7b4h8b4h9b4i0b4i1b4i2b4i3b4i4b4i5b4i6b4i7b4i8b4i9b4j0b4j1b4j2b4j3b4j4b4j5b4j6b4j7b4j8b4j9b4k0b4k1b4k2b4k3b4k4b4k5b4k6b4k7b4k8b4k9b4l0b4l1b4l2b4l3b4l4b4l5b4l6b4l7b4l8b4l9b4m0b4m1b4m2b4m3b4m4b4m5b4m6b4m7b4m8b4m9b4n0b4n1b4n2b4n3b4n4b4n5b4n6b4n7b4n8b4n9b4o0b4o1b4o2b4o3b4o4b4o5b4o6b4o7b4o8b4o9b4p0b4p1b4p2b4p3b4p4b4p5b4p6b4p7b4p8b4p9b4q0b4q1b4q2b4q3b4q4b4q5b4q6b4q7b4q8b4q9b4r0b4r1b4r2b4r3b4r4b4r5b4r6b4r7b4r8b4r9b4s0b4s1b4s2b4s3b4s4b4s5b4s6b4s7b4s8b4s9b4t0b4t1b4t2b4t3b4t4b4t5b4t6b4t7b4t8b4t9b4u0b4u1b4u2b4u3b4u4b4u5b4u6b4u7b4u8b4u9b4v0b4v1b4v2b4v3b4v4b4v5b4v6b4v7b4v8b4v9b4w0b4w1b4w2b4w3b4w4b4w5b4w6b4w7b4w8b4w9b4x0b4x1b4x2b4x3b4x4b4x5b4x6b4x7b4x8b4x9b4y0b4y1b4y2b4y3b4y4b4y5b4y6b4y7b4y8b4y9b4z0b4z1b4z2b4z3b4z4b4z5b4z6b4z7b4z8b4z9b5a0b5a1b5a2b5a3b5a4b5a5b5a6b5a7b5a8b5a9b5b0b5b1b5b2b5b3b5b4b5b5b5b6b5b7b5b8b5b9b5c0b5c1b5c2b5c3b5c4b5c5b5c6b5c7b5c8b5c9b5d0b5d1b5d2b5d3b5d4b5d5b5d6b5d7b5d8b5d9b5e0b5e1b5e2b5e3b5e4b5e5b5e6b5e7b5e8b5e9b5f0b5f1b5f2b5f3b5f4b5f5b5f6b5f7b5f8b5f9b5g0b5g1b5g2b5g3b5g4b5g5b5g6b5g7b5g8b5g9b5h0b5h1b5h2b5h3b5h4b5h5b5h6b5h7b5h8b5h9b5i0b5i1b5i2b5i3b5i4b5i5b5i6b5i7b5i8b5i9b5j0b5j1b5j2b5j3b5j4b5j5b5j6b5j7b5j8b5j9b5k0b5k1b5k2b5k3b5k4b5k5b5k6b5k7b5k8b5k9b5l0b5l1b5l2b5l3b5l4b5l5b5l6b5l7b5l8b5l9b5m0b5m1b5m2b5m3b5m4b5m5b5m6b5m7b5m8b5m9b5n0b5n1b5n2b5n3b5n4b5n5b5n6b5n7b5n8b5n9b5o0b5o1b5o2b5o3b5o4b5o5b5o6b5o7b5o8b5o9b5p0b5p1b5p2b5p3b5p4b5p5b5p6b5p7b5p8b5p9b5q0b5q1b5q2b5q3b5q4b5q5b5q6b5q7b5q8b5q9b5r0b5r1b5r2b5r3b5r4b5r5b5r6b5r7b5r8b5r9b5s0b5s1b5s2b5s3b5s4b5s5b5s6b5s7b5s8b5s9b5t0b5t1b5t2b5t3b5t4b5t5b5t6b5t7b5t8b5t9b5u0b5u1b5u2b5u3b5u4b5u5b5u6b5u7b5u8b5u9b5v0b5v1b5v2b5v3b5v4b5v5b5v6b5v7b5v8b5v9b5w0b5w1b5w2b5w3b5w4b5w5b5w6b5w7b5w8b5w9b5x0b5x1b5x2b5x3b5x4b5x5b5x6b5x7b5x8b5x9b5y0b5y1b5y2b5y3b5y4b5y5b5y6b5y7b5y8b5y9b5z0b5z1b5z2b5z3b5z4b5z5b5z6b5z7b5z8b5z9b6a0b6a1b6a2b6a3b6a4b6a5b6a6b6a7b6a8b6a9b6b0b6b1b6b2b6b3b6b4b6b5b6b6b6b7b6b8b6b9b6c0b6c1b6c2b6c3b6c4b6c5b6c6b6c7b6c8b6c9b6d0b6d1b6d2b6d3b6d4b6d5b6d6b6d7b6d8b6d9b6e0b6e1b6e2b6e3b6e4b6e5b6e6b6e7b6e8b6e9b6f0b6f1b6f2b6f3b6f4b6f5b6f6b6f7b6f8b6f9b6g0b6g1b6g2b6g3b6g4b6g5b6g6b6g7b6g8b6g9b6h0b6h1b6h2b6h3b6h4b6h5b6h6b6h7b6h8b6h9b6i0b6i1b6i2b6i3b6i4b6i5b6i6b6i7b6i8b6i9b6j0b6j1b6j2b6j3b6j4b6j5b6j6b6j7b6j8b6j9b6k0b6k1b6k2b6k3b6k4b6k5b6k6b6k7b6k8b6k9b6l0b6l1b6l2b6l3b6l4b6l5b6l6b6l7b6l8b6l9b6m0b6m1b6m2b6m3b6m4b6m5b6m6b6m7b6m8b6m9b6n0b6n1b6n2b6n3b6n4b6n5b6n6b6n7b6n8b6n9b6o0b6o1b6o2b6o3b6o4b6o5b6o6b6o7b6o8b6o9b6p0b6p1b6p2b6p3b6p4b6p5b6p6b6p7b6p8b6p9b6q0b6q1b6q2b6q3b6q4b6q5b6q6b6q7b6q8b6q9b6r0b6r1b6r2b6r3b6r4b6r5b6r6b6r7b6r8b6r9b6s0b6s1b6s2b6s3b6s4b6s5b6s6b6s7b6s8b6s9b6t0b6t1b6t2b6t3b6t4b6t5b6t6b6t7b6t8b6t9b6u0b6u1b6u2b6u3b6u4b6u5b6u6b6u7b6u8b6u9b6v0b6v1b6v2b6v3b6v4b6v5b6v6b6v7b6v8b6v9b6w0b6w1b6w2b6w3b6w4b6w5b6w6b6w7b6w8b6w9b6x0b6x1b6x2b6x3b6x4b6x5b6x6b6x7b6x8b6x9b6y0b6y1b6y2b6y3b6y4b6y5b6y6b6y7b6y8b6y9b6z0b6z1b6z2b6z3b6z4b6z5b6z6b6z7b6z8b6z9b7a0b7a1b7a2b7a3b7a4b7a5b7a6b7a7b7a8b7a9b7b0b7b1b7b2b7b3b7b4b7b5b7b6b7b7b7b8b7b9b7c0b7c1b7c2b7c3b7c4b7c5b7c6b7c7b7c8b7c9b7d0b7d1b7d2b7d3b7d4b7d5b7d6b7d7b7d8b7d9b7e0b7e1b7e2b7e3b7e4b7e5b7e6b7e7b7e8b7e9b7f0b7f1b7f2b7f3b7f4b7f5b7f6b7f7b7f8b7f9b7g0b7g1b7g2b7g3b7g4b7g5b7g6b7g7b7g8b7g9b7h0b7h1b7h2b7h3b7h4b7h5b7h6b7h7b7h8b7h9b7i0b7i1b7i2b7i3b7i4b7i5b7i6b7i7b7i8b7i9b7j0b7j1b7j2b7j3b7j4b7j5b7j6b7j7b7j8b7j9b7k0b7k1b7k2b7k3b7k4b7k5b7k6b7k7b7k8b7k9b7l0b7l1b7l2b7l3b7l4b7l5b7l6b7l7b7l8b7l9b7m0b7m1b7m2b7m3b7m4b7m5b7m6b7m7b7m8b7m9b7n0b7n1b7n2b7n3b7n4b7n5b7n6b7n7b7n8b7n9b7o0b7o1b7o2b7o3b7o4b7o5b7o6b7o7b7o8b7o9b7p0b7p1b7p2b7p3b7p4b7p5b7p6b7p7b7p8b7p9b7q0b7q1b7q2b7q3b7q4b7q5b7q6b7q7b7q8b7q9b7r0b7r1b7r2b7r3b7r4b7r5b7r6b7r7b7r8b7r9b7s0b7s1b7s2b7s3b7s4b7s5b7s6b7s7b7s8b7s9b7t0b7t1b7t2b7t3b7t4b7t5b7t6b7t7b7t8b7t9b7u0b7u1b7u2b7u3b7u4b7u5b7u6b7u7b7u8b7u9b7v0b7v1b7v2b7v3b7v4b7v5b7v6b7v7b7v8b7v9b7w0b7w1b7w2b7w3b7w4b7w5b7w6b7w7b7w8b7w9b7x0b7x1b7x2b7x3b7x4b7x5b7x6b7x7b7x8b7x9b7y0b7y1b7y2b7y3b7y4b7y5b7y6b7y7b7y8b7y9b7z0b7z1b7z2b7z3b7z4b7z5b7z6b7z7b7z8b7z9b8a0b8a1b8a2b8a3b8a4b8a5b8a6b8a7b8a8b8a9b8b0b8b1b8b2b8b3b8b4b8b5b8b6b8b7b8b8b8b9b8c0b8c1b8c2b8c3b8c4b8c5b8c6b8c7b8c8b8c9b8d0b8d1b8d2b8d3b8d4b8d5b8d6b8d7b8d8b8d9b8e0b8e1b8e2b8e3b8e4b8e5b8e6b8e7b8e8b8e9b8f0b8f1b8f2b8f3b8f4b8f5b8f6b8f7b8f8b8f9b8g0b8g1b8g2b8g3b8g4b8g5b8g6b8g7b8g8b8g9b8h0b8h1b8h2b8h3b8h4b8h5b8h6b8h7b8h8b8h9b8i0b8i1b8i2b8i3b8i4b8i5b8i6b8i7b8i8b8i9b8j0b8j1b8j2b8j3b8j4b8j5b8j6b8j7b8j8b8j9b8k0b8k1b8k2b8k3b8k4b8k5b8k6b8k7b8k8b8k9b8l0b8l1b8l2b8l3b8l4b8l5b8l6b8l7b8l8b8l9b8m0b8m1b8m2b8m3b8m4b8m5b8m6b8m7b8m8b8m9b8n0b8n1b8n2b8n3b8n4b8n5b8n6b8n7b8n8b8n9b8o0b8o1b8o2b8o3b8o4b8o5b8o6b8o7b8o8b8o9b8p0b8p1b8p2b8p3b8p4b8p5b8p6b8p7b8p8b8p9b8q0b8q1b8q2b8q3b8q4b8q5b8q6b8q7b8q8b8q9b8r0b8r1b8r2b8r3b8r4b8r5b8r6b8r7b8r8b8r9b8s0b8s1b8s2b8s3b8s4b8s5b8s6b8s7b8s8b8s9b8t0b8t1b8t2b8t3b8t4b8t5b8t6b8t7b8t8b8t9b8u0b8u1b8u2b8u3b8u4b8u5b8u6b8u7b8u8b8u9b8v0b8v1b8v2b8v3b8v4b8v5b8v6b8v7b8v8b8v9b8w0b8w1b8w2b8w3b8w4b8w5b8w6b8w7b8w8b8w9b8x0b8x1b8x2b8x3b8x4b8x5b8x6b8x7b8x8b8x9b8y0b8y1b8y2b8y3b8y4b8y5b8y6b8y7b8y8b8y9b8z0b8z1b8z2b8z3b8z4b8z5b8z6b8z7b8z8b8z9b9a0b9a1b9a2b9a3b9a4b9a5b9a6b9a7b9a8b9a9b9b0b9b1b9b2b9b3b9b4b9b5b9b6b9b7b9b8b9b9b9c0b9c1b9c2b9c3b9c4b9c5b9c6b9c7b9c8b9c9b9d0b9d1b9d2b9d3b9d4b9d5b9d6b9d7b9d8b9d9b9e0b9e1b9e2b9e3b9e4b9e5b9e6b9e7b9e8b9e9b9f0b9f1b9f2b9f3b9f4b9f5b9f6b9f7b9f8b9f9b9g0b9g1b9g2b9g3b9g4b9g5b9g6b9g7b9g8b9g9b9h0b9h1b9h2b9h3b9h4b9h5b9h6b9h7b9h8b9h9b9i0b9i1b9i2b9i3b9i4b9i5b9i6b9i7b9i8b9i9b9j0b9j1b9j2b9j3b9j4b9j5b9j6b9j7b9j8b9j9b9k0b9k1b9k2b9k3b9k4b9k5b9k6b9k7b9k8b9k9b9l0b9l1b9l2b9l3b9l4b9l5b9l6b9l7b9l8b9l9b9m0b9m1b9m2b9m3b9m4b9m5b9m6b9m7b9m8b9m9b9n0b9n1b9n2b9n3b9n4b9n5b9n6b9n7b9n8b9n9b9o0b9o1b9o2b9o3b9o4b9o5b9o6b9o7b9o8b9o9b9p0b9p1b9p2b9p3b9p4b9p5b9p6b9p7b9p8b9p9b9q0b9q1b9q2b9q3b9q4b9q5b9q6b9q7b9q8b9q9b9r0b9r1b9r2b9r3b9r4b9r5b9r6b9r7b9r8b9r9b9s0b9s1b9s2b9s3b9s4b9s5b9s6b9s7b9s8b9s9b9t0b9t1b9t2b9t3b9t4b9t5b9t6b9t7b9t8b9t9b9u0b9u1b9u2b9u3b9u4b9u5b9u6b9u7b9u8b9u9b9v0b9v1b9v2b9v3b9v4b9v5b9v6b9v7b9v8b9v9b9w0b9w1b9w2b9w3b9w4b9w5b9w6b9w7b9w8b9w9b9x0b9x1b9x2b9x3b9x4b9x5b9x6b9x7b9x8b9x9b9y0b9y1b9y2b9y3b9y4b9y5b9y6b9y7b9y8b9y9b9z0b9z1b9z2b9z3b9z4b9z5b9z6b9z7b9z8b9z9c0a0c0a1c0a2c0a3c0a4c0a5c0a6c0a7c0a8c0a9c0b0c0b1c0b2c0b3c0b4c0b5c0b6c0b7c0b8c0b9c0c0c0c1c0c2c0c3c0c4c0c5c0c6c0c7c0c8c0c9c0d0c0d1c0d2c0d3c0d4c0d5c0d6c0d7c0d8c0d9c0e0c0e1c0e2c0e3c0e4c0e5c0e6c0e7c0e8c0e9c0f0c0f1c0f2c0f3c0f4c0f5c0f6c0f7c0f8c0f9c0g0c0g1c0g2c0g3c0g4c0g5c0g6c0g7c0g8c0g9c0h0c0h1c0h2c0h3c0h4c0h5c0h6c0h7c0h8c0h9c0i0c0i1c0i2c0i3c0i4c0i5c0i6c0i7c0i8c0i9c0j0c0j1c0j2c0j3c0j4c0j5c0j6c0j7c0j8c0j9c0k0c0k1c0k2c0k3c0k4c0k5c0k6c0k7c0k8c0k9c0l0c0l1c0l2c0l3c0l4c0l5c0l6c0l7c0l8c0l9c0m0c0m1c0m2c0m3c0m4c0m5c0m6c0m7c0m8c0m9c0n0c0n1c0n2c0n3c0n4c0n5c0n6c0n7c0n8c0n9c0o0c0o1c0o2c0o3c0o4c0o5c0o6c0o7c0o8c0o9c0p0c0p1c0p2c0p3c0p4c0p5c0p6c0p7c0p8c0p9c0q0c0q1c0q2c0q3c0q4c0q5c0q6c0q7c0q8c0q9c0r0c0r1c0r2c0r3c0r4c0r5c0r6c0r7c0r8c0r9c0s0c0s1c0s2c0s3c0s4c0s5c0s6c0s7c0s8c0s9c0t0c0t1c0t2c0t3c0t4c0t5c0t6c0t7c0t8c0t9c0u0c0u1c0u2c0u3c0u4c0u5c0u6c0u7c0u8c0u9c0v0c0v1c0v2c0v3c0v4c0v5c0v6c0v7c0v8c0v9c0w0c0w1c0w2c0w3c0w4c0w5c0w6c0w7c0w8c0w9c0x0c0x1c0x2c0x3c0x4c0x5c0x6c0x7c0x8c0x9c0y0c0y1c0y2c0y3c0y4c0y5c0y6c0y7c0y8c0y9c0z0c0z1c0z2c0z3c0z4c0z5c0z6c0z7c0z8c0z9c1a0c1a1c1a2c1a3c1a4c1a5c1a6c1a7c1a8c1a9c1b0c1b1c1b2c1b3c1b4c1b5c1b6c1b7c1b8c1b9c1c0c1c1c1c2c1c3c1c4c1c5c1c6c1c7c1c8c1c9c1d0c1d1c1d2c1d3c1d4c1d5c1d6c1d7c1d8c1d9c1e0c1e1c1e2c1e3c1e4c1e5c1e6c1e7c1e8c1e9c1f0c1f1c1f2c1f3c1f4c1f5c1f6c1f7c1f8c1f9c1g0c1g1c1g2c1g3c1g4c1g5c1g6c1g7c1g8c1g9c1h0c1h1c1h2c1h3c1h4c1h5c1h6c1h7c1h8c1h9c1i0c1i1c1i2c1i3c1i4c1i5c1i6c1i7c1i8c1i9c1j0c1j1c1j2c1j3c1j4c1j5c1j6c1j7c1j8c1j9c1k0c1k1c1k2c1k3c1k4c1k5c1k6c1k7c1k8c1k9c1l0c1l1c1l2c1l3c1l4c1l5c1l6c1l7c1l8c1l9c1m0c1m1c1m2c1m3c1m4c1m5c1m6c1m7c1m8c1m9c1n0c1n1c1n2c1n3c1n4c1n5c1n6c1n7c1n8c1n9c1o0c1o1c1o2c1o3c1o4c1o5c1o6c1o7c1o8c1o9c1p0c1p1c1p2c1p3c1p4c1p5c1p6c1p7c1p8c1p9c1q0c1q1c1q2c1q3c1q4c1q5c1q6c1q7c1q8c1q9c1r0c1r1c1r2c1r3c1r4c1r5c1r6c1r7c1r8c1r9c1s0c1s1c1s2c1s3c1s4c1s5c1s6c1s7c1s8c1s9c1t0c1t1c1t2c1t3c1t4c1t5c1t6c1t7c1t8c1t9c1u0c1u1c1u2c1u3c1u4c1u5c1u6c1u7c1u8c1u9c1v0c1v1c1v2c1v3c1v4c1v5c1v6c1v7c1v8c1v9c1w0c1w1c1w2c1w3c1w4c1w5c1w6c1w7c1w8c1w9c1x0c1x1c1x2c1x3c1x4c1x5c1x6c1x7c1x8c1x9c1y0c1y1c1y2c1y3c1y4c1y5c1y6c1y7c1y8c1y9c1z0c1z1c1z2c1z3c1z4c1z5c1z6c1z7c1z8c1z9c2a0c2a1c2a2c2a3c2a4c2a5c2a6c2a7c2a8c2a9c2b0c2b1c2b2c2b3c2b4c2b5c2b6c2b7c2b8c2b9c2c0c2c1c2c2c2c3c2c4c2c5c2c6c2c7c2c8c2c9c2d0c2d1c2d2c2d3c2d4c2d5c2d6c2d7c2d8c2d9c2e0c2e1c2e2c2e3c2e4c2e5c2e6c2e7c2e8c2e9c2f0c2f1c2f2c2f3c2f4c2f5c2f6c2f7c2f8c2f9c2g0c2g1c2g2c2g3c2g4c2g5c2g6c2g7c2g8c2g9c2h0c2h1c2h2c2h3c2h4c2h5c2h6c2h7c2h8c2h9c2i0c2i1c2i2c2i3c2i4c2i5c2i6c2i7c2i8c2i9c2j0c2j1c2j2c2j3c2j4c2j5c2j6c2j7c2j8c2j9c2k0c2k1c2k2c2k3c2k4c2k5c2k6c2k7c2k8c2k9c2l0c2l1c2l2c2l3c2l4c2l5c2l6c2l7c2l8c2l9c2m0c2m1c2m2c2m3c2m4c2m5c2m6c2m7c2m8c2m9c2n0c2n1c2n2c2n3c2n4c2n5c2n6c2n7c2n8c2n9c2o0c2o1c2o2c2o3c2o4c2o5c2o6c2o7c2o8c2o9c2p0c2p1c2p2c2p3c2p4c2p5c2p6c2p7c2p8c2p9c2q0c2q1c2q2c2q3c2q4c2q5c2q6c2q7c2q8c2q9c2r0c2r1c2r2c2r3c2r4c2r5c2r6c2r7c2r8c2r9c2s0c2s1c2s2c2s3c2s4c2s5c2s6c2s7c2s8c2s9c2t0c2t1c2t2c2t3c2t4c2t5c2t6c2t7c2t8c2t9c2u0c2u1c2u2c2u3c2u4c2u5c2u6c2u7c2u8c2u9c2v0c2v1c2v2c2v3c2v4c2v5c2v6c2v7c2v8c2v9c2w0c2w1c2w2c2w3c2w4c2w5c2w6c2w7c2w8c2w9c2x0c2x1c2x2c2x3c2x4c2x5c2x6c2x7c2x8c2x9c2y0c2y1c2y2c2y3c2y4c2y5c2y6c2y7c2y8c2y9c2z0c2z1c2z2c2z3c2z4c2z5c2z6c2z7c2z8c2z9c3a0c3a1c3a2c3a3c3a4c3a5c3a6c3a7c3a8c3a9c3b0c3b1c3b2c3b3c3b4c3b5c3b6c3b7c3b8c3b9c3c0c3c1c3c2c3c3c3c4c3c5c3c6c3c7c3c8c3c9c3d0c3d1c3d2c3d3c3d4c3d5c3d6c3d7c3d8c3d9c3e0c3e1c3e2c3e3c3e4c3e5c3e6c3e7c3e8c3e9c3f0c3f1c3f2c3f3c3f4c3f5c3f6c3f7c3f8c3f9c3g0c3g1c3g2c3g3c3g4c3g5c3g6c3g7c3g8c3g9c3h0c3h1c3h2c3h3c3h4c3h5c3h6c3h7c3h8c3h9c3i0c3i1c3i2c3i3c3i4c3i5c3i6c3i7c3i8c3i9c3j0c3j1c3j2c3j3c3j4c3j5c3j6c3j7c3j8c3j9c3k0c3k1c3k2c3k3c3k4c3k5c3k6c3k7c3k8c3k9c3l0c3l1c3l2c3l3c3l4c3l5c3l6c3l7c3l8c3l9c3m0c3m1c3m2c3m3c3m4c3m5c3m6c3m7c3m8c3m9c3n0c3n1c3n2c3n3c3n4c3n5c3n6c3n7c3n8c3n9c3o0c3o1c3o2c3o3c3o4c3o5c3o6c3o7c3o8c3o9c3p0c3p1c3p2c3p3c3p4c3p5c3p6c3p7c3p8c3p9c3q0c3q1c3q2c3q3c3q4c3q5c3q6c3q7c3q8c3q9c3r0c3r1c3r2c3r3c3r4c3r5c3r6c3r7c3r8c3r9c3s0c3s1c3s2c3s3c3s4c3s5c3s6c3s7c3s8c3s9c3t0c3t1c3t2c3t3c3t4c3t5c3t6c3t7c3t8c3t9c3u0c3u1c3u2c3u3c3u4c3u5c3u6c3u7c3u8c3u9c3v0c3v1c3v2c3v3c3v4c3v5c3v6c3v7c3v8c3v9c3w0c3w1c3w2c3w3c3w4c3w5c3w6c3w7c3w8c3w9c3x0c3x1c3x2c3x3c3x4c3x5c3x6c3x7c3x8c3x9c3y0c3y1c3y2c3y3c3y4c3y5c3y6c3y7c3y8c3y9c3z0c3z1c3z2c3z3c3z4c3z5c3z6c3z7c3z8c3z9c4a0c4a1c4a2c4a3c4a4c4a5c4a6c4a7c4a8c4a9c4b0c4b1c4b2c4b3c4b4c4b5c4b6c4b7c4b8c4b9c4c0c4c1c4c2c4c3c4c4c4c5c4c6c4c7c4c8c4c9c4d0c4d1c4d2c4d3c4d4c4d5c4d6c4d7c4d8c4d9c4e0c4e1c4e2c4e3c4e4c4e5c4e6c4e7c4e8c4e9c4f0c4f1c4f2c4f3c4f4c4f5c4f6c4f7c4f8c4f9c4g0c4g1c4g2c4g3c4g4c4g5c4g6c4g7c4g8c4g9c4h0c4h1c4h2c4h3c4h4c4h5c4h6c4h7c4h8c4h9c4i0c4i1c4i2c4i3c4i4c4i5c4i6c4i7c4i8c4i9c4j0c4j1c4j2c4j3c4j4c4j5c4j6c4j7c4j8c4j9c4k0c4k1c4k2c4k3c4k4c4k5c4k6c4k7c4k8c4k9c4l0c4l1c4l2c4l3c4l4c4l5c4l6c4l7c4l8c4l9c4m0c4m1c4m2c4m3c4m4c4m5c4m6c4m7c4m8c4m9c4n0c4n1c4n2c4n3c4n4c4n5c4n6c4n7c4n8c4n9c4o0c4o1c4o2c4o3c4o4c4o5c4o6c4o7c4o8c4o9c4p0c4p1c4p2c4p3c4p4c4p5c4p6c4p7c4p8c4p9c4q0c4q1c4q2c4q3c4q4c4q5c4q6c4q7c4q8c4q9c4r0c4r1c4r2c4r3c4r4c4r5c4r6c4r7c4r8c4r9c4s0c4s1c4s2c4s3c4s4c4s5c4s6c4s7c4s8c4s9c4t0c4t1c4t2c4t3c4t4c4t5c4t6c4t7c4t8c4t9c4u0c4u1c4u2c4u3c4u4c4u5c4u6c4u7c4u8c4u9c4v0c4v1c4v2c4v3c4v4c4v5c4v6c4v7c4v8c4v9c4w0c4w1c4w2c4w3c4w4c4w5c4w6c4w7c4w8c4w9c4x0c4x1c4x2c4x3c4x4c4x5c4x6c4x7c4x8c4x9c4y0c4y1c4y2c4y3c4y4c4y5c4y6c4y7c4y8c4y9c4z0c4z1c4z2c4z3c4z4c4z5c4z6c4z7c4z8c4z9c5a0c5a1c5a2c5a3c5a4c5a5c5a6c5a7c5a8c5a9c5b0c5b1c5b2c5b3c5b4c5b5c5b6c5b7c5b8c5b9c5c0c5c1c5c2c5c3c5c4c5c5c5c6c5c7c5c8c5c9c5d0c5d1c5d2c5d3c5d4c5d5c5d6c5d7c5d8c5d9c5e0c5e1c5e2c5e3c5e4c5e5c5e6c5e7c5e8c5e9c5f0c5f1c5f2c5f3c5f4c5f5c5f6c5f7c5f8c5f9c5g0c5g1c5g2c5g3c5g4c5g5c5g6c5g7c5g8c5g9c5h0c5h1c5h2c5h3c5h4c5h5c5h6c5h7c5h8c5h9c5i0c5i1c5i2c5i3c5i4c5i5c5i6c5i7c5i8c5i9c5j0c5j1c5j2c5j3c5j4c5j5c5j6c5j7c5j8c5j9c5k0c5k1c5k2c5k3c5k4c5k5c5k6c5k7c5k8c5k9c5l0c5l1c5l2c5l3c5l4c5l5c5l6c5l7c5l8c5l9c5m0c5m1c5m2c5m3c5m4c5m5c5m6c5m7c5m8c5m9c5n0c5n1c5n2c5n3c5n4c5n5c5n6c5n7c5n8c5n9c5o0c5o1c5o2c5o3c5o4c5o5c5o6c5o7c5o8c5o9c5p0c5p1c5p2c5p3c5p4c5p5c5p6c5p7c5p8c5p9c5q0c5q1c5q2c5q3c5q4c5q5c5q6c5q7c5q8c5q9c5r0c5r1c5r2c5r3c5r4c5r5c5r6c5r7c5r8c5r9c5s0c5s1c5s2c5s3c5s4c5s5c5s6c5s7c5s8c5s9c5t0c5t1c5t2c5t3c5t4c5t5c5t6c5t7c5t8c5t9c5u0c5u1c5u2c5u3c5u4c5u5c5u6c5u7c5u8c5u9c5v0c5v1c5v2c5v3c5v4c5v5c5v6c5v7c5v8c5v9c5w0c5w1c5w2c5w3c5w4c5w5c5w6c5w7c5w8c5w9c5x0c5x1c5x2c5x3c5x4c5x5c5x6c5x7c5x8c5x9c5y0c5y1c5y2c5y3c5y4c5y5c5y6c5y7c5y8c5y9c5z0c5z1c5z2c5z3c5z4c5z5c5z6c5z7c5z8c5z9c6a0c6a1c6a2c6a3c6a4c6a5c6a6c6a7c6a8c6a9c6b0c6b1c6b2c6b3c6b4c6b5c6b6c6b7c6b8c6b9c6c0c6c1c6c2c6c3c6c4c6c5c6c6c6c7c6c8c6c9c6d0c6d1c6d2c6d3c6d4c6d5c6d6c6d7c6d8c6d9c6e0c6e1c6e2c6e3c6e4c6e5c6e6c6e7c6e8c6e9c6f0c6f1c6f2c6f3c6f4c6f5c6f6c6f7c6f8c6f9c6g0c6g1c6g2c6g3c6g4c6g5c6g6c6g7c6g8c6g9c6h0c6h1c6h2c6h3c6h4c6h5c6h6c6h7c6h8c6h9c6i0c6i1c6i2c6i3c6i4c6i5c6i6c6i7c6i8c6i9c6j0c6j1c6j2c6j3c6j4c6j5c6j6c6j7c6j8c6j9c6k0c6k1c6k2c6k3c6k4c6k5c6k6c6k7c6k8c6k9c6l0c6l1c6l2c6l3c6l4c6l5c6l6c6l7c6l8c6l9c6m0c6m1c6m2c6m3c6m4c6m5c6m6c6m7c6m8c6m9c6n0c6n1c6n2c6n3c6n4c6n5c6n6c6n7c6n8c6n9c6o0c6o1c6o2c6o3c6o4c6o5c6o6c6o7c6o8c6o9c6p0c6p1c6p2c6p3c6p4c6p5c6p6c6p7c6p8c6p9c6q0c6q1c6q2c6q3c6q4c6q5c6q6c6q7c6q8c6q9c6r0c6r1c6r2c6r3c6r4c6r5c6r6c6r7c6r8c6r9c6s0c6s1c6s2c6s3c6s4c6s5c6s6c6s7c6s8c6s9c6t0c6t1c6t2c6t3c6t4c6t5c6t6c6t7c6t8c6t9c6u0c6u1c6u2c6u3c6u4c6u5c6u6c6u7c6u8c6u9c6v0c6v1c6v2c6v3c6v4c6v5c6v6c6v7c6v8c6v9c6w0c6w1c6w2c6w3c6w4c6w5c6w6c6w7c6w8c6w9c6x0c6x1c6x2c6x3c6x4c6x5c6x6c6x7c6x8c6x9c6y0c6y1c6y2c6y3c6y4c6y5c6y6c6y7c6y8c6y9c6z0c6z1c6z2c6z3c6z4c6z5c6z6c6z7c6z8c6z9c7a0c7a1c7a2c7a3c7a4c7a5c7a6c7a7c7a8c7a9c7b0c7b1c7b2c7b3c7b4c7b5c7b6c7b7c7b8c7b9c7c0c7c1c7c2c7c3c7c4c7c5c7c6c7c7c7c8c7c9c7d0c7d1c7d2c7d3c7d4c7d5c7d6c7d7c7d8c7d9c7e0c7e1c7e2c7e3c7e4c7e5c7e6c7e7c7e8c7e9c7f0c7f1c7f2c7f3c7f4c7f5c7f6c7f7c7f8c7f9c7g0c7g1c7g2c7g3c7g4c7g5c7g6c7g7c7g8c7g9c7h0c7h1c7h2c7h3c7h4c7h5c7h6c7h7c7h8c7h9c7i0c7i1c7i2c7i3c7i4c7i5c7i6c7i7c7i8c7i9c7j0c7j1c7j2c7j3c7j4c7j5c7j6c7j7c7j8c7j9c7k0c7k1c7k2c7k3c7k4c7k5c7k6c7k7c7k8c7k9c7l0c7l1c7l2c7l3c7l4c7l5c7l6c7l7c7l8c7l9c7m0c7m1c7m2c7m3c7m4c7m5c7m6c7m7c7m8c7m9c7n0c7n1c7n2c7n3c7n4c7n5c7n6c7n7c7n8c7n9c7o0c7o1c7o2c7o3c7o4c7o5c7o6c7o7c7o8c7o9c7p0c7p1c7p2c7p3c7p4c7p5c7p6c7p7c7p8c7p9c7q0c7q1c7q2c7q3c7q4c7q5c7q6c7q7c7q8c7q9c7r0c7r1c7r2c7r3c7r4c7r5c7r6c7r7c7r8c7r9c7s0c7s1c7s2c7s3c7s4c7s5c7s6c7s7c7s8c7s9c7t0c7t1c7t2c7t3c7t4c7t5c7t6c7t7c7t8c7t9c7u0c7u1c7u2c7u3c7u4c7u5c7u6c7u7c7u8c7u9c7v0c7v1c7v2c7v3c7v4c7v5c7v6c7v7c7v8c7v9c7w0c7w1c7w2c7w3c7w4c7w5c7w6c7w7c7w8c7w9c7x0c7x1c7x2c7x3c7x4c7x5c7x6c7x7c7x8c7x9c7y0c7y1c7y2c7y3c7y4c7y5c7y6c7y7c7y8c7y9c7z0c7z1c7z2c7z3c7z4c7z5c7z6c7z7c7z8c7z9c8a0c8a1c8a2c8a3c8a4c8a5c8a6c8a7c8a8c8a9c8b0c8b1c8b2c8b3c8b4c8b5c8b6c8b7c8b8c8b9c8c0c8c1c8c2c8c3c8c4c8c5c8c6c8c7c8c8c8c9c8d0c8d1c8d2c8d3c8d4c8d5c8d6c8d7c8d8c8d9c8e0c8e1c8e2c8e3c8e4c8e5c8e6c8e7c8e8c8e9c8f0c8f1c8f2c8f3c8f4c8f5c8f6c8f7c8f8c8f9c8g0c8g1c8g2c8g3c8g4c8g5c8g6c8g7c8g8c8g9c8h0c8h1c8h2c8h3c8h4c8h5c8h6c8h7c8h8c8h9c8i0c8i1c8i2c8i3c8i4c8i5c8i6c8i7c8i8c8i9c8j0c8j1c8j2c8j3c8j4c8j5c8j6c8j7c8j8c8j9c8k0c8k1c8k2c8k3c8k4c8k5c8k6c8k7c8k8c8k9c8l0c8l1c8l2c8l3c8l4c8l5c8l6c8l7c8l8c8l9c8m0c8m1c8m2c8m3c8m4c8m5c8m6c8m7c8m8c8m9c8n0c8n1c8n2c8n3c8n4c8n5c8n6c8n7c8n8c8n9c8o0c8o1c8o2c8o3c8o4c8o5c8o6c8o7c8o8c8o9c8p0c8p1c8p2c8p3c8p4c8p5c8p6c8p7c8p8c8p9c8q0c8q1c8q2c8q3c8q4c8q5c8q6c8q7c8q8c8q9c8r0c8r1c8r2c8r3c8r4c8r5c8r6c8r7c8r8c8r9c8s0c8s1c8s2c8s3c8s4c8s5c8s6c8s7c8s8c8s9c8t0c8t1c8t2c8t3c8t4c8t5c8t6c8t7c8t8c8t9c8u0c8u1c8u2c8u3c8u4c8u5c8u6c8u7c8u8c8u9c8v0c8v1c8v2c8v3c8v4c8v5c8v6c8v7c8v8c8v9c8w0c8w1c8w2c8w3c8w4c8w5c8w6c8w7c8w8c8w9c8x0c8x1c8x2c8x3c8x4c8x5c8x6c8x7c8x8c8x9c8y0c8y1c8y2c8y3c8y4c8y5c8y6c8y7c8y8c8y9c8z0c8z1c8z2c8z3c8z4c8z5c8z6c8z7c8z8c8z9c9a0c9a1c9a2c9a3c9a4c9a5c9a6c9a7c9a8c9a9c9b0c9b1c9b2c9b3c9b4c9b5c9b6c9b7c9b8c9b9c9c0c9c1c9c2c9c3c9c4c9c5c9c6c9c7c9c8c9c9c9d0c9d1c9d2c9d3c9d4c9d5c9d6c9d7c9d8c9d9c9e0c9e1c9e2c9e3c9e4c9e5c9e6c9e7c9e8c9e9c9f0c9f1c9f2c9f3c9f4c9f5c9f6c9f7c9f8c9f9c9g0c9g1c9g2c9g3c9g4c9g5c9g6c9g7c9g8c9g9c9h0c9h1c9h2c9h3c9h4c9h5c9h6c9h7c9h8c9h9c9i0c9i1c9i2c9i3c9i4c9i5c9i6c9i7c9i8c9i9c9j0c9j1c9j2c9j3c9j4c9j5c9j6c9j7c9j8c9j9c9k0c9k1c9k2c9k3c9k4c9k5c9k6c9k7c9k8c9k9c9l0c9l1c9l2c9l3c9l4c9l5c9l6c9l7c9l8c9l9c9m0c9m1c9m2c9m3c9m4c9m5c9m6c9m7c9m8c9m9c9n0c9n1c9n2c9n3c9n4c9n5c9n6c9n7c9n8c9n9c9o0c9o1c9o2c9o3c9o4c9o5c9o6c9o7c9o8c9o9c9p0c9p1c9p2c9p3c9p4c9p5c9p6c9p7c9p8c9p9c9q0c9q1c9q2c9q3c9q4c9q5c9q6c9q7c9q8c9q9c9r0c9r1c9r2c9r3c9r4c9r5c9r6c9r7c9r8c9r9c9s0c9s1c9s2c9s3c9s4c9s5c9s6c9s7c9s8c9s9c9t0c9t1c9t2c9t3c9t4c9t5c9t6c9t7c9t8c9t9c9u0c9u1c9u2c9u3c9u4c9u5c9u6c9u7c9u8c9u9c9v0c9v1c9v2c9v3c9v4c9v5c9v6c9v7c9v8c9v9c9w0c9w1c9w2c9w3c9w4c9w5c9w6c9w7c9w8c9w9c9x0c9x1c9x2c9x3c9x4c9x5c9x6c9x7c9x8c9x9c9y0c9y1c9y2c9y3c9y4c9y5c9y6c9y7c9y8c9y9c9z0c9z1c9z2c9z3c9z4c9z5c9z6c9z7c9z8c9z9d0a0d0a1d0a2d0a3d0a4d0a5d0a6d0a7d0a8d0a9d0b0d0b1d0b2d0b3d0b4d0b5d0b6d0b7d0b8d0b9d0c0d0c1d0c2d0c3d0c4d0c5d0c6d0c7d0c8d0c9d0d0d0d1d0d2d0d3d0d4d0d5d0d6d0d7d0d8d0d9d0e0d0e1d0e2d0e3d0e4d0e5d0e6d0e7d0e8d0e9d0f0d0f1d0f2d0f3d0f4d0f5d0f6d0f7d0f8d0f9d0g0d0g1d0g2d0g3d0g4d0g5d0g6d0g7d0g8d0g9d0h0d0h1d0h2d0h3d0h4d0h5d0h6d0h7d0h8d0h9d0i0d0i1d0i2d0i3d0i4d0i5d0i6d0i7d0i8d0i9d0j0d0j1d0j2d0j3d0j4d0j5d0j6d0j7d0j8d0j9d0k0d0k1d0k2d0k3d0k4d0k5d0k6d0k7d0k8d0k9d0l0d0l1d0l2d0l3d0l4d0l5d0l6d0l7d0l8d0l9d0m0d0m1d0m2d0m3d0m4d0m5d0m6d0m7d0m8d0m9d0n0d0n1d0n2d0n3d0n4d0n5d0n6d0n7d0n8d0n9d0o0d0o1d0o2d0o3d0o4d0o5d0o6d0o7d0o8d0o9d0p0d0p1d0p2d0p3d0p4d0p5d0p6d0p7d0p8d0p9d0q0d0q1d0q2d0q3d0q4d0q5d0q6d0q7d0q8d0q9d0r0d0r1d0r2d0r3d0r4d0r5d0r6d0r7d0r8d0r9d0s0d0s1d0s2d0s3d0s4d0s5d0s6d0s7d0s8d0s9d0t0d0t1d0t2d0t3d0t4d0t5d0t6d0t7d0t8d0t9d0u0d0u1d0u2d0u3d0u4d0u5d0u6d0u7d0u8d0u9d0v0d0v1d0v2d0v3d0v4d0v5d0v6d0v7d0v8d0v9d0w0d0w1d0w2d0w3d0w4d0w5d0w6d0w7d0w8d0w9d0x0d0x1d0x2d0x3d0x4d0x5d0x6d0x7d0x8d0x9d0y0d0y1d0y2d0y3d0y4d0y5d0y6d0y7d0y8d0y9d0z0d0z1d0z2d0z3d0z4d0z5d0z6d0z7d0z8d0z9d1a0d1a1d1a2d1a3d1a4d1a5d1a6d1a7d1a8d1a9d1b0d1b1d1b2d1b3d1b4d1b5d1b6d1b7d1b8d1b9d1c0d1c1d1c2d1c3d1c4d1c5d1c6d1c7d1c8d1c9d1d0d1d1d1d2d1d3d1d4d1d5d1d6d1d7d1d8d1d9d1e0d1e1d1e2d1e3d1e4d1e5d1e6d1e7d1e8d1e9d1f0d1f1d1f2d1f3d1f4d1f5d1f6d1f7d1f8d1f9d1g0d1g1d1g2d1g3d1g4d1g5d1g6d1g7d1g8d1g9d1h0d1h1d1h2d1h3d1h4d1h5d1h6d1h7d1h8d1h9d1i0d1i1d1i2d1i3d1i4d1i5d1i6d1i7d1i8d1i9d1j0d1j1d1j2d1j3d1j4d1j5d1j6d1j7d1j8d1j9d1k0d1k1d1k2d1k3d1k4d1k5d1k6d1k7d1k8d1k9d1l0d1l1d1l2d1l3d1l4d1l5d1l6d1l7d1l8d1l9d1m0d1m1d1m2d1m3d1m4d1m5d1m6d1m7d1m8d1m9d1n0d1n1d1n2d1n3d1n4d1n5d1n6d1n7d1n8d1n9d1o0d1o1d1o2d1o3d1o4d1o5d1o6d1o7d1o8d1o9d1p0d1p1d1p2d1p3d1p4d1p5d1p6d1p7d1p8d1p9d1q0d1q1d1q2d1q3d1q4d1q5d1q6d1q7d1q8d1q9d1r0d1r1d1r2d1r3d1r4d1r5d1r6d1r7d1r8d1r9d1s0d1s1d1s2d1s3d1s4d1s5d1s6d1s7d1s8d1s9d1t0d1t1d1t2d1t3d1t4d1t5d1t6d1t7d1t8d1t9d1u0d1u1d1u2d1u3d1u4d1u5d1u6d1u7d1u8d1u9d1v0d1v1d1v2d1v3d1v4d1v5d1v6d1v7d1v8d1v9d1w0d1w1d1w2d1w3d1w4d1w5d1w6d1w7d1w8d1w9d1x0d1x1d1x2d1x3d1x4d1x5d1x6d1x7d1x8d1x9d1y0d1y1d1y2d1y3d1y4d1y5d1y6d1y7d1y8d1y9d1z0d1z1d1z2d1z3d1z4d1z5d1z6d1z7d1z8d1z9d2a0d2a1d2a2d2a3d2a4d2a5d2a6d2a7d2a8d2a9d2b0d2b1d2b2d2b3d2b4d2b5d2b6d2b7d2b8d2b9d2c0d2c1d2c2d2c3d2c4d2c5d2c6d2c7d2c8d2c9d2d0d2d1d2d2d2d3d2d4d2d5d2d6d2d7d2d8d2d9d2e0d2e1d2e2d2e3d2e4d2e5d2e6d2e7d2e8d2e9d2f0d2f1d2f2d2f3d2f4d2f5d2f6d2f7d2f8d2f9d2g0d2g1d2g2d2g3d2g4d2g5d2g6d2g7d2g8d2g9d2h0d2h1d2h2d2h3d2h4d2h5d2h6d2h7d2h8d2h9d2i0d2i1d2i2d2i3d2i4d2i5d2i6d2i7d2i8d2i9d2j0d2j1d2j2d2j3d2j4d2j5d2j6d2j7d2j8d2j9d2k0d2k1d2k2d2k3d2k4d2k5d2k6d2k7d2k8d2k9d2l0d2l1d2l2d2l3d2l4d2l5d2l6d2l7d2l8d2l9d2m0d2m1d2m2d2m3d2m4d2m5d2m6d2m7d2m8d2m9d2n0d2n1d2n2d2n3d2n4d2n5d2n6d2n7d2n8d2n9d2o0d2o1d2o2d2o3d2o4d2o5d2o6d2o7d2o8d2o9d2p0d2p1d2p2d2p3d2p4d2p5d2p6d2p7d2p8d2p9d2q0d2q1d2q2d2q3d2q4d2q5d2q6d2q7d2q8d2q9d2r0d2r1d2r2d2r3d2r4d2r5d2r6d2r7d2r8d2r9d2s0d2s1d2s2d2s3d2s4d2s5d2s6d2s7d2s8d2s9d2t0d2t1d2t2d2t3d2t4d2t5d2t6d2t7d2t8d2t9d2u0d2u1d2u2d2u3d2u4d2u5d2u6d2u7d2u8d2u9d2v0d2v1d2v2d2v3d2v4d2v5d2v6d2v7d2v8d2v9d2w0d2w1d2w2d2w3d2w4d2w5d2w6d2w7d2w8d2w9d2x0d2x1d2x2d2x3d2x4d2x5d2x6d2x7d2x8d2x9d2y0d2y1d2y2d2y3d2y4d2y5d2y6d2y7d2y8d2y9d2z0d2z1d2z2d2z3d2z4d2z5d2z6d2z7d2z8d2z9d3a0d3a1d3a2d3a3d3a4d3a5d3a6d3a7d3a8d3a9d3b0d3b1d3b2d3b3d3b4d3b5d3b6d3b7d3b8d3b9d3c0d3c1d3c2d3c3d3c4d3c5d3c6d3c7d3c8d3c9d3d0d3d1d3d2d3d3d3d4d3d5d3d6d3d7d3d8d3d9d3e0d3e1d3e2d3e3d3e4d3e5d3e6d3e7d3e8d3e9d3f0d3f1d3f2d3f3d3f4d3f5d3f6d3f7d3f8d3f9d3g0d3g1d3g2d3g3d3g4d3g5d3g6d3g7d3g8d3g9d3h0d3h1d3h2d3h3d3h4d3h5d3h6d3h7d3h8d3h9d3i0d3i1d3i2d3i3d3i4d3i5d3i6d3i7d3i8d3i9d3j0d3j1d3j2d3j3d3j4d3j5d3j6d3j7d3j8d3j9d3k0d3k1d3k2d3k3d3k4d3k5d3k6d3k7d3k8d3k9d3l0d3l1d3l2d3l3d3l4d3l5d3l6d3l7d3l8d3l9d3m0d3m1d3m2d3m3d3m4d3m5d3m6d3m7d3m8d3m9d3n0d3n1d3n2d3n3d3n4d3n5d3n6d3n7d3n8d3n9d3o0d3o1d3o2d3o3d3o4d3o5d3o6d3o7d3o8d3o9d3p0d3p1d3p2d3p3d3p4d3p5d3p6d3p7d3p8d3p9d3q0d3q1d3q2d3q3d3q4d3q5d3q6d3q7d3q8d3q9d3r0d3r1d3r2d3r3d3r4d3r5d3r6d3r7d3r8d3r9d3s0d3s1d3s2d3s3d3s4d3s5d3s6d3s7d3s8d3s9d3t0d3t1d3t2d3t3d3t4d3t5d3t6d3t7d3t8d3t9d3u0d3u1d3u2d3u3d3u4d3u5d3u6d3u7d3u8d3u9d3v0d3v1d3v2d3v3d3v4d3v5d3v6d3v7d3v8d3v9d3w0d3w1d3w2d3w3d3w4d3w5d3w6d3w7d3w8d3w9d3x0d3x1d3x2d3x3d3x4d3x5d3x6d3x7d3x8d3x9d3y0d3y1d3y2d3y3d3y4d3y5d3y6d3y7d3y8d3y9d3z0d3z1d3z2d3z3d3z4d3z5d3z6d3z7d3z8d3z9d4a0d4a1d4a2d4a3d4a4d4a5d4a6d4a7d4a8d4a9d4b0d4b1d4b2d4b3d4b4d4b5d4b6d4b7d4b8d4b9d4c0d4c1d4c2d4c3d4c4d4c5d4c6d4c7d4c8d4c9d4d0d4d1d4d2d4d3d4d4d4d5d4d6d4d7d4d8d4d9d4e0d4e1d4e2d4e3d4e4d4e5d4e6=> "a8d4"

s.index "a"
=> 0
irb(main):202:0> s.index "d"
=> 2

 s2.rindex "a"
=> nil
irb(main):204:0> s2.rindex "l"
=> 3

s.replace "a"
=> "a"

s.clear
=> ""

s.chr
=> "a"
irb(main):212:0> s.chr.chr
=> "a"

 s
=> "abcd\u0004f"
irb(main):223:0> s.setbyte 0, 97
=> 97
irb(main):224:0> s
=> "abcd\u0004f"
irb(main):225:0> s.setbyte 1, 97
=> 97
irb(main):226:0> s
=> "aacd\u0004f"
irb(main):227:0> s.getbyte 0
=> 97

s<=>s2
=> 1
irb(main):229:0> s<<"j"
=> "aacd\u0004fj"

s.dump
=> "\"Hi I'm Manav\""


s="aBcDef"
=> "aBcDef"
irb(main):291:0> s=~/[a-z]/i
=> 0
irb(main):292:0> s=~/[a-z]^/i
=> nil
irb(main):293:0> s=~/^[a-z]/i
=> 0
irb(main):294:0> s=~/![a-z]/i
=> nil


s.downcase
=> "abcdef"
irb(main):296:0> s.upcase
=> "ABCDEF"
irb(main):297:0> s.captitalize
NoMethodError: undefined method `captitalize' for "aBcDef":String
Did you mean?  capitalize
               capitalize!
	from (irb):297
	from /usr/bin/irb:11:in `<main>'
irb(main):298:0> s.capitalize
=> "Abcdef"
irb(main):299:0> s.capitalize!
=> "Abcdef"

s.swapcase
=> "aBCDEF"
irb(main):302:0> s.swapcase!
=> "aBCDEF"
irb(main):303:0> s.swapcase!
=> "Abcdef"


s.oct
=> 0
irb(main):305:0> ^C
irb(main):305:0> s="44"
=> "44"
irb(main):306:0> s.oct
=> 36

s.empty?
=> false
irb(main):310:0> e.eql? "50"
NameError: undefined local variable or method `e' for main:Object
	from (irb):310
	from /usr/bin/irb:11:in `<main>'
irb(main):311:0> s.eql? "50"
=> false
irb(main):312:0> ^C


s
=> "44"
irb(main):313:0> s.hex
=> 68

s.chars
=> ["4", "4"]
irb(main):317:0> s2.chars
=> ["H", "i", " ", "I", "'", "m", " ", "M", "a", "n", "a", "v"]

s2.split
=> ["Hi", "I'm", "Manav"]
irb(main):320:0> s2.split ","
=> ["Hi I'm Manav"]
irb(main):321:0> s2.split "M"
=> ["Hi I'm ", "anav"]

s4 = "abc"
=> "abc"
irb(main):325:0> s4.codepoints
=> [97, 98, 99]

s2 = s2 + "\nHi,,,,,,,\nyyyyyyy"
=> "Hi I'm Manav\nHi,,,,,,,\nyyyyyyy"
irb(main):331:0> s2.lines
=> ["Hi I'm Manav\n", "Hi,,,,,,,\n", "yyyyyyy"]

s.bytes
=> [106, 106, 106, 106, 52, 52]

s.scan "def"
=> []
irb(main):337:0> s.scan "abc"
=> ["abc"]
irb(main):338:0> s.scan "a"
=> ["a"]
irb(main):339:0> s.scan "ac"
=> []

s.ord
=> 97

s.center 50
=> "                    abcjjjj44                     "


s.center 50, '-'
=> "--------------------abcjjjj44---------------------"

s.gsub /[aeiou]/, 'a'=>'A', 'e'=> 'E'
=> "AAbccEEddff"

s.chop.chop.chop
=> "aabcceed"

